---------------------------------------- SHOW ----------------------------------------
{
  resource: {
    attributes: {
      'service.name': 'unknown_service:/Users/jasonkuhrt/Library/pnpm/nodejs/22.20.0/bin/node',
      'telemetry.sdk.language': 'nodejs',
      'telemetry.sdk.name': 'opentelemetry',
      'telemetry.sdk.version': '1.30.0'
    }
  },
  instrumentationScope: { name: 'graffle', version: undefined, schemaUrl: undefined },
  traceId: 'bbe370f9e9489a06e3d2ab62dfd3a9aa',
  parentId: '96ed533751803b97',
  traceState: undefined,
  name: 'encode',
  id: '9ea3234548a4b013',
  kind: 0,
  timestamp: 1759435155354000,
  duration: 655.209,
  attributes: {},
  status: { code: 0 },
  events: [],
  links: []
}
---------------------------------------- SHOW ----------------------------------------
{
  resource: {
    attributes: {
      'service.name': 'unknown_service:/Users/jasonkuhrt/Library/pnpm/nodejs/22.20.0/bin/node',
      'telemetry.sdk.language': 'nodejs',
      'telemetry.sdk.name': 'opentelemetry',
      'telemetry.sdk.version': '1.30.0'
    }
  },
  instrumentationScope: { name: 'graffle', version: undefined, schemaUrl: undefined },
  traceId: 'bbe370f9e9489a06e3d2ab62dfd3a9aa',
  parentId: '96ed533751803b97',
  traceState: undefined,
  name: 'pack',
  id: 'ff679a52076d1d61',
  kind: 0,
  timestamp: 1759435155355000,
  duration: 741.25,
  attributes: {},
  status: { code: 0 },
  events: [],
  links: []
}
---------------------------------------- SHOW ----------------------------------------
{
  resource: {
    attributes: {
      'service.name': 'unknown_service:/Users/jasonkuhrt/Library/pnpm/nodejs/22.20.0/bin/node',
      'telemetry.sdk.language': 'nodejs',
      'telemetry.sdk.name': 'opentelemetry',
      'telemetry.sdk.version': '1.30.0'
    }
  },
  instrumentationScope: { name: 'graffle', version: undefined, schemaUrl: undefined },
  traceId: 'bbe370f9e9489a06e3d2ab62dfd3a9aa',
  parentId: '96ed533751803b97',
  traceState: undefined,
  name: 'exchange',
  id: '270c1bbe1011e060',
  kind: 0,
  timestamp: 1759435155356000,
  duration: 26503.667,
  attributes: {},
  status: { code: 0 },
  events: [],
  links: []
}
---------------------------------------- SHOW ----------------------------------------
{
  resource: {
    attributes: {
      'service.name': 'unknown_service:/Users/jasonkuhrt/Library/pnpm/nodejs/22.20.0/bin/node',
      'telemetry.sdk.language': 'nodejs',
      'telemetry.sdk.name': 'opentelemetry',
      'telemetry.sdk.version': '1.30.0'
    }
  },
  instrumentationScope: { name: 'graffle', version: undefined, schemaUrl: undefined },
  traceId: 'bbe370f9e9489a06e3d2ab62dfd3a9aa',
  parentId: '96ed533751803b97',
  traceState: undefined,
  name: 'unpack',
  id: '9ff7df517719b3f1',
  kind: 0,
  timestamp: 1759435155383000,
  duration: 821.917,
  attributes: {},
  status: { code: 0 },
  events: [],
  links: []
}
---------------------------------------- SHOW ----------------------------------------
{
  resource: {
    attributes: {
      'service.name': 'unknown_service:/Users/jasonkuhrt/Library/pnpm/nodejs/22.20.0/bin/node',
      'telemetry.sdk.language': 'nodejs',
      'telemetry.sdk.name': 'opentelemetry',
      'telemetry.sdk.version': '1.30.0'
    }
  },
  instrumentationScope: { name: 'graffle', version: undefined, schemaUrl: undefined },
  traceId: 'bbe370f9e9489a06e3d2ab62dfd3a9aa',
  parentId: '96ed533751803b97',
  traceState: undefined,
  name: 'decode',
  id: 'e65ee81d9a1a2816',
  kind: 0,
  timestamp: 1759435155384000,
  duration: 343.5,
  attributes: {},
  status: { code: 0 },
  events: [],
  links: []
}
---------------------------------------- SHOW ----------------------------------------
{
  resource: {
    attributes: {
      'service.name': 'unknown_service:/Users/jasonkuhrt/Library/pnpm/nodejs/22.20.0/bin/node',
      'telemetry.sdk.language': 'nodejs',
      'telemetry.sdk.name': 'opentelemetry',
      'telemetry.sdk.version': '1.30.0'
    }
  },
  instrumentationScope: { name: 'graffle', version: undefined, schemaUrl: undefined },
  traceId: 'bbe370f9e9489a06e3d2ab62dfd3a9aa',
  parentId: undefined,
  traceState: undefined,
  name: 'request',
  id: '96ed533751803b97',
  kind: 0,
  timestamp: 1759435155354000,
  duration: 30944.041,
  attributes: {},
  status: { code: 0 },
  events: [],
  links: []
}
---------------------------------------- SHOW ----------------------------------------
{
  pokemons: [
    { name: 'Pikachu' },
    { name: 'Charizard' },
    { name: 'Squirtle' },
    { name: 'Bulbasaur' },
    { name: 'Caterpie' },
    { name: 'Weedle' }
  ]
}