---------------------------------------- SHOW ----------------------------------------
{
  "elderPokemons": [
    {
      "name": "Pikachu",
      "elderId": "1",
      "elderHp": 35
    },
    {
      "name": "Squirtle",
      "elderId": "3",
      "elderHp": 44
    }
  ],
  "babyPokemons": [
    {
      "babyName": "Charizard"
    }
  ]
}